[   .000000] Initializing cgroup subsys cpuset
[   0.0000]Inttializing cgroup subsys cpu
[    0.000000] Initializing cgroup subsys cpuacct
[    0.000000] Linux version 4.4.0-131-generic (buildd@lgw01-amd64-015) (gcc version 5.4.0 20160609 (Ubuntu 5.4.0-6ubuntu1~16.04.10) ) #157-Ubuntu SMP Thu Jul 12 15:51:36 UTC 2018 (Ubuntu 4.4.0-131.157-generic 4.4.134)
[    0.000000] Command line: BOOT_IMAGE=/boot/vmlinuz-4.4.0-131-generic root=LABEL=cloudimg-rootfs ro console=tty1 console=ttyS0
[    0.000000] KERNEL supported cpus:
[    0.000000]   Intel GenuineIntel
[    0.000000]   AMD AuthenticAMD
[    0.000000]   Centaur CentaurHauls
[    0.000000] x86/fpu: xstate_offset[2]:  576, xstate_sizes[2]:  256
[    0.000000] x86/fpu: Supporting XSAVE feature 0x01: 'x87 floating point registers'
[    0.000000] x86/fpu: Supporting XSAVE feature 0x02: 'SSE registers'
[    0.000000] x86/fpu: Supporting XSAVE feature 0x04: 'AVX registers'
[    0.000000] x86/fpu: Enabled xstate features 0x7, context size is 832 bytes, using 'standard' format.
[    0.000000] x86/fpu: Using 'eager' FPU context switches.
[    0.000000] e820: BIOS-provided physical RAM map:
[    0.000000] BIOS-e820: [mem 0x0000000000000000-0x000000000009fbff] usable
[    0.000000] BIOS-e820: [mem 0x000000000009fc00-0x000000000009ffff] reserved
[    0.000000] BIOS-e820: [mem 0x00000000000f0000-0x00000000000fffff] reserved
[    0.000000] BIOS-e820: [mem 0x0000000000100000-0x000000003ffeffff] usable
[    0.000000] BIOS-e820: [mem 0x000000003fff0000-0x000000003fffffff] ACPI data
[    0.000000] BIOS-e820: [mem 0x00000000fec00000-0x00000000fec00fff] reserved
[    0.000000] BIOS-e820: [mem 0x00000000fee00000-0x00000000fee00fff] reserved
[    0.000000] BIOS-e820: [mem 0x0000000ffc0000-0x00000000ffffffff] reserved[    0.000000] NX (Execute Disable) protection: active
[    0.000000] SMBIOS 2.5 present.
[    0.000000] Hypervisor detected: KVM
[    0.000000] e820: last_pfn = 0x3fff0 max_arch_pfn = 0x400000000
[    0.000000] MTRR: Disabled
[    0.000000] x86/PAT: MTRRs disabled, skipping PAT initialization too.
[    0.000000] CPU MTRRs all blank - virtualized system.
[    0.000000] x86/PAT: Configuration [0-7]: WB  WT  UC- UC  WB  WT  UC- UC  
[    0.000000] found SMP MP-table at [mem 0x0009fff0-0x0009ffff] mapped at [ffff88000009fff0]
[    0.000000] Scanning 1 areas for low memory corruption
[    0.000000] RAMDISK: [mem 0x3630c000-0x3717dfff]
[    0.000000] ACPI: Early table checksum verification disabled
[    0.000000] ACPI: RSDP 0x00000000000E0000 000024 (v02 VBOX  )
[    0.000000] ACPI: XSDT 0x000000003FFF0030 00003C (v01 VBOX   VBOXXSDT 000001 ASL  00000061)
[    0.000000] ACPI: FACP 0x000000003FFF00F0 0000F4 (v04 VBOX   VBOXFACP 00000001 ASL  00000061)
[    0.000000] ACPI: DSDT 0x000000003FFF0470 0021FF (v02 VBOX   VBOXBIOS 00000002 INTL 20100528)
[    0.000000] ACPI: FACS 0x000000003FFF0200 000040
[    0.000000] ACPI: FCS 0x000000003FFF0200 000040
[  0.000000] ACPI: APIC0x0000003FF0240 00005C (v02 VBOX   VBOXAPIC 00000001 ASL  000001)
    0.000000] ACPI: SSDT 0x000000003FFF02A0 0001CC (v01 VBOX   VBOXCPUT 00000002 INTL 20058)
[    0.000000] No NUMA configuration found
[    0.000000] Faking a node at [mem 0x0000000000000000-0x000000003ffff]
[    00000] NODE_DATA(0)llcated [mem 0x3ffeb000x3ffeffff]
[    .000000kv-clock: Using msrs 4b564d01 and 4b564d00
[    0.000000] kvm-clock: cpu 0, msr 0:3ffe3001, primary cpu clock
[    0.000000] kvm-clock: using sched offset of 3607193048 cycles
[    0.000000] clocksource: kvm-clock: mask: 0xffffffffffffffff max_cycles: 0x1cd42e4dffb, max_idle_ns: 881590591483 ns
[    0.000000] Zone ranges:
[    0.000000]   DMA      [mem 0x0000000000001000-0x0000000000ffffff]
[    0.000000]   DMA32    [mem 0x0000000001000000-0x000000003ffeffff]
[    0.000000]   Normal   empty
[    0.000000]   Device   empty
[    0.000000] Movable zone start for each node
[    0.000000] Early memory node ranges
[    0.000000]   node   0: [mem 0x0000000000001000-0x000000000009efff]
[    0.000000]   node   0: [mem 0x0000000000100000-0x000000003ffeffff]
[    0.000000] Initmem setup node 0 [mem 0x0000000000001000-0x000000003ffeffff]
[    0.000000] ACPI: PM-Timer IO Port: 0x40
[    0000000] IOAPIC[0]: apic_id 2, version 32, address 0xfec00000, GSI 0-23
[    0.000000] ACPI: INT_SRC_OVR (bus 0 bus_irq 0 global_irq 2 dfl dfl)
[    0.000000] ACPI: INT_SRC_OVR (bus 0 bus_irq 9 global_irq 9 low level)
[    0.000000] Using ACPI (MADT) for SMP configuration information
[    0.000000] smpboot: Allowing 2 CPUs, 0 hotplug CPUs
[    0.000000] PM: Registered nosave memory: [mem 0x00000000-0x00000fff]
[    0.000000] PM: Registered nosave memory: [mem 0x0009f000-0x0009ffff]
[    0.000000] PM: Registered nosave memory: [mem 0x000a0000-0x000effff]
[    0.000000] PM: Registered nosave memory: [mem 0x000f0000-0000fffff]
[  0000000] e820: [mem 0x40000-xfebfffff]valable for PCI device
[    0.000000] Booting paravrtualizederelon KVM
[    0.000000] clocksource: refined-jiffies: mask: 0xfffff max_cycles: 0xffffffff, m_idle_ns: 7645519600211568 ns
[   0.000000] setup_percpu: NR_CPUS:2 r_cpumask_bits:2 nr_cpu_ids:2 nr_node_ids:1
[   0.0000]PERCPU:Embedded  pge/cpu @ffff88003fc00000 s99544 r8192 d31528 u1048576
[    0.000000] PV qspinlock hash table entries: 256 (order: 0, 4096 bytes)
[    0.000000] Built 1 zonelists in Node order, mobility grouping on.  Total pages: 257912
[    0.000000] Policy zone: DMA32
[    0.000000] Kernel command line: BOOT_IMAGE=/boot/vmlinuz-4.4.0-131-generic root=LABEL=cloudimg-rootfs ro console=tty1 console=ttyS0
[    0.000000] PID hash table entries: 4096 (order: 3, 32768 bytes)
[    0.000000] Memory: 997724K/1048120K available (8546K kernel code, 1313K rwdata, 4000K rodata, 1516K init, 1316K bss, 50396K reserved, 0K cma-reserved)
[    0.000000] SLUB: HWalign=64, Order=0-3, MinObjects=0, CPUs=2, Nodes=1
[    0.000000] Kernel/User page tables isolation: enabled
[    0.000000] Hierarchical RCU implementation.
[    0.000000] 	Build-time adjustment of leaf fanout to 64.
[    0.000000] 	RCU restricting CPUs from NR_CPUS=512 to nr_cpu_ids=2.
[    0.000000] RCU: Adjusting geometry for rcu_fanout_leaf=64, nr_cpu_ids=2
[    0.000000] NR_IRQS:33024 nr_irqs:440 16
[    0.000000] Console: colr VGA+ 80x25
[    0.000000] console [tty1] enabled
[    0.000000] console [ttyS0] enabled
[    0.000000] tsc: Detected 2711.998 MHz processor
[    1.665426] Calibrating delay loop (skipped) preset value.. 5423.99 BogoMIPS (lpj=10847992)
[    1.667325] pid_max: default: 32768 minimum: 301
[    1.668351] ACPI: Core revision 20150930
[    1.670315] ACPI: 2 ACPI AML tables successfully acquired and loaded
[    1.678390] Security Framework initialized
[    1.681317] Yama: becoming mindful.
[    1.686926] AppArmor: AppArmor initialized
[    1.690152] Dentry cache hash table entries: 131072 (order: 8, 1048576 bytes)
[    1.696923] Inode-cache hash table entries: 65536 (order: 7, 524288 bytes)
[    1.698315] Mount-cache hash table entries: 2048 (order: 2, 16384 bytes)
[    1.699444] Mountpoint-cache hash table entries: 2048 (order: 2, 16384 bytes)
[    1.700853] Initializing cgroup subsys io
[    1.701871] Initializing cgroup subsys memory
[    1.702823] Initializing cgroup subsys devices
[    1.703691] Initializing cgroup subsys freezer
[    1.704741] Initializing cgroup subsys net_cls
[    1.706173] Initializing cgroup subsys perf_event
[    1.707148] Initializing cgroup subsys net_prio
[    1.708089] Initializing cgroup subsys hugetlb
[    1.709053] Initializing cgroup subsys pids
[    1.710002] CPU: Physical Processor ID: 0
[    1.710875] CPU: Processor Core ID: 0
[    1.713427] mce: CPU supports 0 MCE banks
[    1.714622] Last level iTLB entries: 4KB 64, 2MB 8, 4MB 8
[    1.715604] Last level dTLB entries: 4KB 64, 2MB 0, 4MB 0, 1GB 4
[    1.717042] Spectre V2 : Mitigation: Full generic retpoline
[    1.718137] Spectre V2 : Speculation control IBPB not-supported IBRS not-supported
[    1.719492] Spectre V2 : Filling RSB on context switch
[    1.720866] Speculative Store Bypass: Vulnerable
[    1.749349] Freeing SMP alternatives memory: 32K
[    1.760647] ftrace: allocating 32245 entries in 126 pages
[    1.848719] smpboot: APIC(0) Converting physical 0 to logical package 0
[    1.872366] smpboot: Max logical packages: 1
[    1.898079] x2apic enabled
[    1.922242] Switched APIC routing to physical x2apic.
[    1.960956] ..TIMER: vector=0x30 apic1=0 pin1=2 apic2=-1 pin2=-1
[    2.077040] smpboot: CPU0: Intel(R) Core(TM) i5-7200U CPU @ 2.50GHz (family: 0x6, model: 0x8e, stepping: 0x9)
[    2.083551] Performance Events: unsupported p6 CPU model 142 no PMU driver, software events only.
[    2.111820] KVM setup paravirtual spinlock
[    2.115238] x86: Booting SMP configuration:
[    2.118441] .... node  #0, CPUs:      #1
[    2.123237] kvm-clock: cpu 1, msr 0:3ffe3041, secondary cpu clock
[    2.125611] mce: CPU supports 0 MCE banks
[    2.149760] x86: Booted up 1 node, 2 CPUs
[    2.176087] smpboot: Total of 2 processors activated (10847.99 BogoMIPS)
[    2.231395] devtmpfs: initialized
[    2.250594] evm: security.selinux
[    2.285871] evm: security.SMACK64
[    2.301431] evm: security.SMACK64EXEC
[    2.331687] evm: security.SMACK64TRANSMUTE
[    2.354750] evm: security.SMACK64MMAP
[    2.391844] evm: security.ima
[    2.401657] evm: security.capability
[    2.425400] clocksource: jiffies: mask: 0xffffffff max_cycles: 0xffffffff, max_idle_ns: 7645041785100000 ns
[    2.463751] futex hash table entries: 512 (order: 3, 32768 bytes)
[    2.524486] pinctrl core: initialized pinctrl subsystem
[    2.568602] RTC time: 16:15:06, date: 08/15/18
[    2.583131] NET: Registered protocol family 16
[    2.607904] cpuidle: using governor ladder
[    2.620760] cpuidle: using governor menu
[    2.621743] PCCT header not found.
[    2.622549] ACPI: bus type PCI registered
[    2.623377] acpiphp: ACPI Hot Plug PCI Controller Driver version: 0.5
[    2.624657] PCI: Using configuration type 1 for base access
[    2.639013] ACPI: Added _OSI(Module Device)
[    2.665381] ACPI: Added _OSI(Processor Device)
[    2.667565] ACPI: Added _OSI(3.0 _SCP Extensions)
[    2.675919] ACPI: Added _OSI(Processor Aggregator Device)
[    2.718248] ACPI: Executed 1 blocks of module-level executable AML code
[    2.764925] ACPI: Interpreter enabled
[    2.796500] ACPI: (supports S0 S5)
[    2.805345] ACPI: Using IOAPIC for interrupt routing
[    2.833497] PCI: Using host bridge windows from ACPI; if necessary, use "pci=nocrs" and report a bug
[    2.876152] ACPI: PCI Root Bridge [PCI0] (domain 0000 [bus 00-ff])
[    2.910229] acpi PNP0A03:00: _OSC: OS supports [ASPM ClockPM Segments MSI]
[    2.921054] acpi PNP0A03:00: _OSC: not requesting OS control; OS requires [ExtendedConfig ASPM ClockPM MSI]
[    2.930126] acpi PNP0A03:00: fail to add MMCONFIG information, can't access extended PCI configuration space under this bridge.
[    2.949132] PCI host bridge to bus 0000:00
[    2.984583] pci_bus 0000:00: root bus resource [io  0x0000-0x0cf7 window]
[    3.003259] pci_bus 0000:00: root bus resource [io  0x0d00-0xffff window]
[    3.023123] pci_bus 0000:00: root bus resource [mem 0x000a0000-0x000bffff window]
[    3.046976] pci_bus 0000:00: root bus resource [mem 0x40000000-0xfdffffff window]
[    3.051138] pci_bus 0000:00: root bus resource [bus 00-ff]
[    3.054516] pci 0000:00:01.1: legacy IDE quirk: reg 0x10: [io  0x01f0-0x01f7]
[    3.084196] pci 0000:00:01.1: legacy IDE quirk: reg 0x14: [io  0x03f6]
[    3.097874] pci 0000:00:01.1: legacy IDE quirk: reg 0x18: [io  0x0170-0x0177]
[    3.099548] pci 0000:00:01.1: legacy IDE quirk: reg 0x1c: [io  0x0376]
[    3.123389] pci 0000:00:07.0: quirk: [io  0x4000-0x403f] claimed by PIIX4 ACPI
[    3.132137] pci 0000:00:07.0: quirk: [io  0x4100-0x410f] claimed by PIIX4 SMB
[    3.142240] ACPI: PCI Interrupt Link [LNKA] (IRQs 5 9 10 *11)
[    3.144770] ACPI: PCI Interrupt Link [LNKB] (IRQs 5 9 *10 11)
[    3.146847] ACPI: PCI Interrupt Link [LNKC] (IRQs 5 *9 10 11)
[    3.150318] ACPI: PCI Interrupt Link [LNKD] (IRQs 5 9 10 *11)
[    3.155020] ACPI: Enabled 2 GPEs in block 00 to 07
[    3.157179] vgaarb: setting as boot device: PCI:0000:00:02.0
[    3.160640] vgaarb: device added: PCI:0000:00:02.0,decodes=io+mem,owns=io+mem,locks=none
[    3.162855] vgaarb: loaded
[    3.163692] vgaarb: bridge control possible 0000:00:02.0
[    3.165351] SCSI subsystem initialized
[    3.166519] ACPI: bus type USB registered
[    3.167820] usbcore: registered new interface driver usbfs
[    3.169317] usbcore: registered new interface driver hub
[    3.177467] usbcore: registered new device driver usb
[    3.186041] PCI: Using ACPI for IRQ routing
[    3.187737] NetLabel: Initializing
[    3.214847] NetLabel:  domain hash size = 128
[    3.230232] NetLabel:  protocols = UNLABELED CIPSOv4
[    3.251948] NetLabel:  unlabeled traffic allowed by default
[    3.302546] amd_nb: Cannot enumerate AMD northbridges
[    3.332087] clocksource: Switched to clocksource kvm-clock
[    3.378073] AppArmor: AppArm Filesystem Enabled
[    3.437298] pnp: PnP PI init
   349562] pnp: PnP ACPI: found 3 devices
[   .63294] clocksource: acpi_pm: mask: 0xffffff max_cycles: 0xffffff, max_lens 28501024s[   .98596] NET: Registered protocol family 2

[    4.028921] TCP established hash table entries: 8192 (order: 4, 65536 bytes)
[    4.030534] TCP bind hash table entries: 8192 (order: 5, 131072 bytes)
[    4.032080] TCP: Hash tables configured (established 8192 bind 8192)
[    4.033386] UDP hash table entries: 512 (order: 2, 16384 bytes)
[    4.034575] UDP-Lite hash table entries: 512 (order: 2, 16384 bytes)
[    4.035897] NET: Registered protocol family 1
[    4.036964] pci 0000:00:00.0: Limitg direct PCI/PCI transfers
[    4.088650] pci 0000:00:01.0: Activating ISA DMA hang workarounds
[    4.090057] Unpacking initramfs...

[    4.386536] Freeing initrd memory: 14792K
[    4.417053] platform rtc_cmos: registered platform RTC device (no PNP device found)
[    4.440820] Scanning for low memory corruption every 60 seconds
[    4.488294] audit: initializing netlink subsys (disabled)
[    4.510070] audit: type=2000 audit(1534349710.528:1): initialized
[    4.547942] Initialise system trusted keyring
[    4.589709] HugeTLBegstered 2 MB page size, pre-allocated 0 pages   4.718033zbd:oaed

[    4.977670] VFS: Disk quotas dquot_6.6.0
[    4.981180] VFS: Dquot-cache hash table entries: 512 (order 0, 4096 bytes)
[    4.983096] squashfs: version 4.0 (2009/01/31) Phillip Lougher
[    4.984793] fuse init (API version 7.23)
[    4.985879] Key type big_key registered
[    4.986893] Allocating IMA MOK and blacklist keyrings.
[    4.989614] Key type asymmetric registered
[    4.990640] Asymmetric key parser 'x509' registered
[    4.991829] Block layer SCSI generic (bsg) driver version 0.4 loaded (major 249)
[    4.993710] io scheduler noop registered
[    4.994841] io scheduler deadline registered (default)
[    4.996043] io scheduler cfq registered
[    4.997151] pci_hotplug: PCI Hot Plug PCI Core version: 0.5
[    4.998409] pciehp: PCI Express Hot Plug Controller Driver version: 0.4
[    4.999959] ACPI: AC Adapter [AC] (off-line)
[    5.001066] input: Power Button as /devices/LNXSYSTM:00/LNXPWRBN:00/input/input0
[    5.002860] ACPI: Power Button [PWRF]
[    5.004275] input: Sleep Button as /devices/LNXSYSTM:00/LNXSLPBN:00/input/input1
[    5.006116] ACPI: Sleep Button [SLPF]
[    5.013456] GHES: HEST is not enabled!
[    5.014070] ACPI: Battery Slot [BAT0] (battery present)
[    5.015582] Serial: 8250/16550 driver, 32 ports, IRQ sharing enabled
[    5.049053] 00:02: ttyS0 at I/O 0x3f8 (irq = 4, base_baud = 115200) is a 16550A
[    5.055197] Linux agpgart interface v0.103
[    5.058379] loop: module loaded
[    5.060004] scsi host0: ata_piix
[    5.061117] scsi host1: ata_piix
[    5.062089] ata1: PATA max UDMA/33 cmd 0x1f0 ctl 0x3f6 bmdma 0xd000 irq 14
[    5.063970] ata2: PATA max UDMA/33 cmd 0x170 ctl 0x376 bmdma 0xd008 irq 15
[    5.065926] libphy: Fixed MDIO Bus: probed
[    5.067442] tun: Universal TUN/TAP device driver, 1.6
[   .0541]tun: (C) 1999-20 Mx Krasnyansky <maxk@qualcomm.com>

[    5.298924] PPP generic driver version 2.4.2
[    5.306098] ehci_hcd: USB 2.0 'Enhanced' Host Controller (EHCI) Driver
[    5.307566] ehci-pci: EHCI PCI platform driver
[    5.308687] ehci-platform: EHCI generic platform driver
[    5.321913] ohci_hcd: USB 1.1 'Open' Host Controller (OHCI) Driver
[    5.329630] ohci-pci: OHCI PCI platform driver
[    5.331050] ohci-platform: OHCI generic platform driver
[    5.332608] uhci_hcd: USB Universal Host Controller Interface driver
[    5.334613] i8042: PNP: PS/2 Controller [PNP0303:PS2K,PNP0f03:PS2M] at 0x60,0x64 irq 1,12
[    5.338437] serio: i8042 KBD port at 0x60,0x64 irq 1
[    5.340239] serio: i8042 AUX port at 0x60,0x64 irq 12
[    5.341761] mousedev: PS/2 mouse device common for all mice
[    5.343933] input: AT Translated Set 2 keyboard as /devices/platform/i8042/serio0/input/input2
[    5.346160] rtc_cmos rtc_cmos: rtc core: registered rtc_cmos as rtc0
[    5.347961] rtc_cmos rtc_cmos: alarms up to one day, 114 bytes nvram
[    5.349717] i2c /dev entries driver
[    5.350886] device-mapper: uevent: version 1.0.3
[    5.358528] device-mapper: ioctl: 4.34.0-ioctl (2015-10-28) initialised: dm-devel@redhat.com
[    5.361238] ledtrig-cpu: registered to indicate activity on CPUs
[    5.363291] NET: Registered protocol family 10
[    5.364668] NET: Registered protocol family 17
[    5.365836] Key type dns_resolver registered
[    5.367889] registered taskstats version 1
[    5.369182] Loading compiled-in X.509 certificates
[    5.371712] Loaded X.509 cert 'Build time autogenerated kernel key: 8f274abdf49cd12572c1533a34d1eafea768213f'
[    5.374398] zswap: loaded using pool lzo/zbud
[    5.378603] Key type trusted registered
[    5.384419] Key type encrypted registered
[    5.385568] AppArmor: AppArmor sha1 policy hashing enabled
[    5.422436] tsc: Refined TSC clocksource calibration: 2712.313 MHz
[    5.424679] ima: No TPM chip found, activating TPM-bypass!
[    5.424691] ima: Allocated hash algorithm: sha1
[    5.424712] evm: HMAC attrs: 0x1
[    5.527160] clocksource: tsc: mask: 0xffffffffffffffff max_cycles: 0x2718ae14198, max_idle_ns: 440795238193 ns
[    5.528400]   Magic number: 14:555:287
[    5.528421] tty tty20: hash matches
[    5.528431] acpi PNP0400:00: hash matches
[    5.530899] rtc_cmos rtc_cmos: setting system clock to 2018-08-15 16:15:09 UTC (1534349709)
[    5.531013] BIOS EDD facility v0.16 2004-Jun-25, 0 devices found
[    5.531014] EDD information not available.
[    5.639403] Freeing unused kernel memory: 1516K
[    5.664726] Write protecting the kernel read-only data: 14336k
[    5.666742] Freeing unused kernel memory: 1680K
[    5.668145] Freeing unused kernel memory: 96K
Loading, please [    5.684011] random: systemd-udevd: uninitialized urandom read (16 bytes read, 3 bits of entropy available)
wait...
starting version 229
[    5.684927] random: udevadm: uninitialized urandom read (16 bytes read, 3 bits of entropy available)
[    5.684952] random: udevadm: uninitialized urandom read (16 bytes read, 3 bits of entropy available)
[    5.696661] random: udevadm: uninitialized urandom read (16 bytes read, 3 bits of entropy available)
[    5.696713] random: udevadm: uninitialized urandom read (16 bytes read, 3 bits of entropy available)
[    5.696874] random: udevadm: uninitialized urandom read (16 bytes read, 3 bits of entropy available)
[    5.696934] random: udevadm: uninitialized urandom read (16 bytes read, 3 bits of entropy available)
[    5.696996] random: udevadm: uninitialized urandom read (16 bytes read, 3 bits of entropy available)
[    5.697090] random: udevadm: uninitialized urandom read (16 bytes read, 3 bits of entropy available)
[    5.697150] random: udevadm: uninitialized urandom read (16 bytes read, 3 bits of entropy available)
[    5.969415] Fusion MPT base driver 3.04.20
[    5.978952] Copyright (c) 1999-2008 LSI Corporation
[    5.980250] e1000: Intel(R) PRO/1000 Network Driver - version 7.3.21-k8-NAPI
[    5.981977] e1000: Copyright (c) 1999-2006 Intel Corporation.
[    6.002675] Fusion MPT SPI Host driver 3.04.20
[    6.015019] AVX2 version of gcm_enc/dec engaged.
[    6.016645] AES CTR mode by8 optimization enabled
[    6.194470] input: ImExPS/2 Generic Explorer Mouse as /devices/platform/i8042/serio1/input/input4
[    6.381966] e1000 0000:00:03.0 eth0: (PCI:33MHz:32-bit) 02:54:ad:ea:60:2e
[    6.390208] e1000 0000:00:03.0 eth0: Intel(R) PRO/1000 Network Connection
[    6.393029] mptbase: ioc0: Initiating bringup
[    6.393774] e1000 0000:00:03.0 enp0s3: renamed from eth0
[    6.467446] ioc0: LSI53C1030 A0: Capabilities={Initiator}
[    7.388228] scsi host2: ioc0: LSI53C1030 A0, FwRev=00000000h, Ports=1, MaxQ=256, IRQ=20
[    7.877925] scsi 2:0:0:0: Direct-Access     VBOX     HARDDISK         1.0  PQ: 0 ANSI: 5
[    7.892626] scsi target2:0:0: Beginning Domain Validation
[    7.918417] scsi target2:0:0: Domain Validation skipping write tests
[    7.933279] scsi target2:0:0: Ending Domain Validation
[    7.937026] scsi target2:0:0: asynchronous
[    7.943135] scsi 2:0:1:0: Direct-Access     VBOX     HARDDISK         1.0  PQ: 0 ANSI: 5
[    7.980508] scsi target2:0:1: Beginning Domain Validation
[    8.006401] scsi target2:0:1: Domain Validation skipping write tests
[    8.020856] scsi target2:0:1: Ending Domain Validation
[    8.023093] scsi target2:0:1: asynchronous
[    8.037640] sd 2:0:0:0: Attached scsi generic sg0 type 0
[    8.039609] sd 2:0:0:0: [sda] 20971520 512-byte logical blocks: (10.7 GB/10.0 GiB)
[    8.051144] sd 2:0:1:0: [sdb] 20480 512-byte logical blocks: (10.5 MB/10.0 MiB)
[    8.051304] sd 2:0:1:0: Attached scsi generic sg1 type 0
[    8.059045] sd 2:0:0:0: [sda] Write Protect is off
[    8.067484] sd 2:0:1:0: [sdb] Write Protect is off
[    8.074820] sd 2:0:0:0: [sda] Incomplete mode parameter data
[    8.074927] sd 2:0:1:0: [sdb] Incomplete mode parameter data
[    8.074929] sd 2:0:1:0: [sdb] Assuming drive cache: write through
[    8.096053] sd 2:0:1:0: [sdb] Attached SCSI disk
[    8.119805] sd 2:0:0:0: [sda] Assuming drive cache: write through
[    8.148760]  sda: sda1
[    8.151324] sd 2:0:0:0: [sda] Attached SCSI disk
Begin: Loading essential drivers ... [    9.969242] md: linear personality registered for level -1
[    9.993281] md: multipath personality registered for level -4
[   10.005872] md: raid0 personality registered for level 0
[   10.020259] md: raid1 personality registered for level 1
[   10.108288] raid6: sse2x1   gen()  4837 MB/s
[   10.176778] raid6: sse2x1   xor()  2295 MB/s
[   10.265009] raid6: sse2x2   gen()  1942 MB/s
[   10.333036] raid6: sse2x2   xor()  2428 MB/s
[   10.400458] raid6: sse2x4   gen()  3456 MB/s
[   10.468265] raid6: sse2x4   xor()  2376 MB/s
[   10.538127] raid6: avx2x1   gen()  3379 MB/s
[   10.612480] raid6: avx2x2   gen()  5799 MB/s
[   10.680211] raid6: avx2x4   gen()  5805 MB/s
[   10.681889] raid6: using algorithm avx2x4 gen() 5805 MB/s
[   10.694673] raid6: using avx2x2 recovery algorithm
[   10.699161] xor: automatically using best checksumming function:
[   10.740492]    avx       : 11275.000 MB/sec
[   10.754217] async_tx: api initialized (async)
[   10.782138] md: raid6 personality registered for level 6
[   10.789970] md: raid5 personality registered for level 5
[   10.798558] md: raid4 personality registered for level 4
[   10.819886] md: raid10 personality registered for level 10
done.
Begin: Running /scripts/init-premount ... done.
Begin: Mounting root file system ... Begin: Running /scripts/local-top ... done.
Begin: Running /scripts/local-premount ... [   10.916071] Btrfs loaded
Scanning for Btrfs filesystems
done.
Warning: fsck no[   10.971738] EXT4-fs (sda1): INFO: recovery required on readonly filesystem
t present, so skipping root file system
[   10.996000] EXT4-fs (sda1): write access will be enabled during recovery
[   11.070055] EXT4-fs (sda1): orphan cleanup on readonly fs
[   11.388174] EXT4-fs (sda1): 1 orphan inode deleted
[   11.389645] EXT4-fs (sda1): recovery complete
[   11.482984] EXT4-fs (sda1): mounted filesystem with ordered data mode. Opts: (null)
done.
Begin: Running /scripts/local-bottom ... done.
Begin: Running /scripts/init-bottom ... done.
[   11.626435] systemd[1]: systemd 229 running in system mode. (+PAM +AUDIT +SELINUX +IMA +APPARMOR +SMACK +SYSVINIT +UTMP +LIBCRYPTSETUP +GCRYPT +GNUTLS +ACL +XZ -LZ4 +SECCOMP +BLKID +ELFUTILS +KMOD -IDN)
[   11.655668] systemd[1]: Detected virtualization oracle.
[   11.658020] systemd[1]: Detected architecture x86-64.

Welcome to [1mUbuntu 16.04.5 LTS[0m!

[   11.711219] systemd[1]: Set hostname to <ubuntu-xenial>.
[   11.972554] systemd[1]: Reached target Encrypted Volumes.
[[0;32m  OK  [0m] Reached target Encrypted Volumes.
[   11.979254] systemd[1]: Created slice User and Session Slice.
[[0;32m  OK  [0m] Created slice User and Session Slice.
[   12.006788] systemd[1]: Listening on Syslog Socket.
[[0;32m  OK  [0m] Listening on Syslog Socket.
[   12.012740] systemd[1]: Listening on Device-mapper event daemon FIFOs.
[[0;32m  OK  [0m] Listening on Device-mapper event daemon FIFOs.
[   12.044761] systemd[1]: Created slice System Slice.
[[0;32m  OK  [0m] Created slice System Slice.
[   12.048075] systemd[1]: Created slice system-serial\x2dgetty.slice.
[[0;32m  OK  [0m] Created slice system-serial\x2dgetty.slice.
[   12.068471] systemd[1]: Reached target Swap.
[[0;32m  OK  [0m] Reached target Swap.
[   12.076463] systemd[1]: Listening on Journal Audit Socket.
[[0;32m  OK  [0m] Listening on Journal Audit Socket.
[   12.101082] systemd[1]: Started Trigger resolvconf update for networkd DNS.
[[0;32m  OK  [0m] Started Trigger resolvconf update for networkd DNS.
[   12.113482] systemd[1]: Listening on /dev/initctl Compatibility Named Pipe.
[[0;32m  OK  [0m] Listening on /dev/initctl Compatibility Named Pipe.
[   12.147402] systemd[1]: Set up automount Arbitrary Executable File Formats File System Automount Point.
[[0;32m  OK  [0m] Set up automount Arbitrary Executab...ats File System Automount Point.
[   12.165305] systemd[1]: Listening on LVM2 metadata daemon socket.
[[0;32m  OK  [0m] Listening on LVM2 metadata daemon socket.
[   12.184897] systemd[1]: Listening on udev Control Socket.
[[0;32m  OK  [0m] Listening on udev Control Socket.
[   12.205389] systemd[1]: Reached target System Time Synchronized.
[[0;32m  OK  [0m] Reached target System Time Synchronized.
[   12.225445] systemd[1]: Reached target User and Group Name Lookups.
[[0;32m  OK  [0m] Reached target User and Group Name Lookups.
[   12.232139] systemd[1]: Reached target Slices.
[[0;32m  OK  [0m] Reached target Slices.
[   12.235404] systemd[1]: Listening on Journal Socket.
[[0;32m  OK  [0m] Listening on Journal Socket.
[   12.264695] systemd[1]: Starting Remount Root and Kernel File Systems...
[   12.265584] random: nonblocking pool is initialized
         Starting Remount Root and Kernel File Systems...
[   12.282963] systemd[1]: Starting Monitoring of LVM2 mirrors, snapshots etc. using dmeventd or progress polling...
[   12.284583] EXT4-fs (sda1): re-mounted. Opts: (null)
         Starting Monitoring of LVM2 mirrors... dmeventd or progress polling...
[   12.290564] systemd[1]: Starting Uncomplicated firewall...
         Starting Uncomplicated firewall...
[   12.300491] systemd[1]: Mounting Huge Pages File System...
         Mounting Huge Pages File System...
[   12.313053] systemd[1]: Mounting Debug File System...
         Mounting Debug File System...
[   12.317360] systemd[1]: Starting Set console keymap...
         Starting Set console keymap...
[   12.332671] systemd[1]: Mounting POSIX Message Queue File System...
         Mounting POSIX Message Queue File System...
[   12.397163] systemd[1]: Starting Load Kernel Modules...
         Starting Load Kernel Modules...
[   12.401490] systemd[1]: Starting Create list of required static device nodes for the current kernel...
[   12.414206] Loading iSCSI transport class v2.0-870.
         Starting Create list of required st... nodes for the current kernel...
[   12.425931] systemd[1]: Listening on udev Kernel Socket.
[[0;32m  OK  [0m] Listening on udev Kernel Socket.
[   12.445137] systemd[1]: Started Forward Password Requests to Wall Directory Watch.
[[0;32m  OK  [0m] Started Forward Password Requests to Wall Directory Watch.
[   12.457231] iscsi: registered transport (tcp)
[   12.468965] systemd[1]: Starting Nameserver information manager...
         Starting Nameserver information manager...
[   12.487218] systemd[1]: Listening on Journal Socket (/dev/log).
[[0;32m  OK  [0m] Listening on Journal Socket (/dev/log).
[   12.515366] iscsi: registered transport (iser)
[   12.522346] systemd[1]: Starting Journal Service...
         Starting Journal Service...
[   12.544110] systemd[1]: Listening on LVM2 poll daemon socket.
[[0;32m  OK  [0m] Listening on LVM2 poll daemon socket.
[   12.593810] systemd[1]: Mounted Debug File System.
[[0;32m  OK  [0m] Mounted Debug File System.
[   12.597309] systemd[1]: Mounted POSIX Message Queue File System.
[[0;32m  OK  [0m] Mounted POSIX Message Queue File System.
[   12.601984] systemd[1]: Mounted Huge Pages File System.
[[0;32m  OK  [0m] Mounted Huge Pages File System.
[   12.613735] systemd[1]: Started Journal Service.
[[0;32m  OK  [0m] Started Journal Service.
[[0;32m  OK  [0m] Started Remount Root and Kernel File Systems.
[[0;32m  OK  [0m] Started Uncomplicated firewall.
[[0;32m  OK  [0m] Started Set console keymap.
[[0;32m  OK  [0m] Started Load Kernel Modules.
[[0;32m  OK  [0m] Started Create list of required sta...ce nodes for the current kernel.
[[0;32m  OK  [0m] Started Nameserver information manager.
[[0;32m  OK  [0m] Started LVM2 metadata daemon.
         Starting Create Static Device Nodes in /dev...
         Starting Apply Kernel Variables...
         Mounting FUSE Control File System...
         Starting Load/Save Random Seed...
         Starting udev Coldplug all Devices...
         Starting Flush Journal to Persistent Storage...
[[0;32m  OK  [0m] Mounted FUSE Control File System.
[[0;32m  OK  [0m] Started Create Static Device Nodes in /dev.
[[0;32m  OK  [0m] Started Apply Kernel Variables.
[[0;32m  OK  [0m] Started Load/Save Random Seed.
[[0;32m  OK  [0m] Started udev Coldplug all Devices.
         Starting udev Kernel Device Manager...
[[0;32m  OK  [0m] Started Monitoring of LVM2 mirrors,...ng dmeventd or progress polling.
[[0;32m  OK  [0m] Started Flush Journal to Persistent Storage.
[[0;32m  OK  [0m] Started udev Kernel Device Manager.
[[0;32m  OK  [0m] Reached target Local File Systems (Pre).
[[0;32m  OK  [0m] Reached target Local File Systems.
         Starting Set console font and keymap...
         Starting Initial cloud-init job (pre-networking)...
         Starting Create Volatile Files and Directories...
         Starting Tell Plymouth To Write Out Runtime Data...
         Starting LSB: AppArmor initialization...
[[0;32m  OK  [0m] Started Dispatch Password Requests to Console Directory Watch.
[[0;32m  OK  [0m] Started Create Volatile Files and Directories.
[[0;32m  OK  [0m] Started Tell Plymouth To Write Out Runtime Data.
[[0;32m  OK  [0m] Found device /dev/ttyS0.
[[0;32m  OK  [0m] Started LSB: AppArmor initialization.
[[0;32m  OK  [0m] Listening on Load/Save RF Kill Switch Status /dev/rfkill Watch.
         Starting Update UTMP about System Boot/Shutdown...
[[0;32m  OK  [0m] Started Set console font and keymap.
[[0;32m  OK  [0m] Found device 82540EM Gigabit Ethern...r (PRO/1000 MT Desktop Adapter).
[[0;32m  OK  [0m] Created slice system-getty.slice.
[[0;32m  OK  [0m] Started Update UTMP about System Boot/Shutdown.
[   12.095246] cloud-init[490]: Cloud-init v. 18.3-9-g2e62cb8a-0ubuntu1~16.04.2 running 'init-local' at Wed, 15 Aug 2018 16:15:18 +0000. Up 11.60 seconds.
[[0;32m  OK  [0m] Started Initial cloud-init job (pre-networking).
[[0;32m  OK  [0m] Reached target Network (Pre).
         Starting Raise network interfaces...
[[0;32m  OK  [0m] Started ifup for enp0s3.
[[0;32m  OK  [0m] Started Raise network interfaces.
         Starting Initial cloud-init job (metadata service crawler)...
[[0;32m  OK  [0m] Reached target Network.
[   13.272309] cloud-init[960]: Cloud-init v. 18.3-9-g2e62cb8a-0ubuntu1~16.04.2 running 'init' at Wed, 15 Aug 2018 16:15:19 +0000. Up 12.84 seconds.
[   13.276478] cloud-init[960]: ci-info: ++++++++++++++++++++++++++++++++++++++Net device info++++++++++++++++++++++++++++++++++++++
[   13.279454] cloud-init[960]: ci-info: +--------+------+----------------------------+---------------+--------+-------------------+
[   13.282527] cloud-init[960]: ci-info: | Device |  Up  |          Address           |      Mask     | Scope  |     Hw-Address    |
[   13.285490] cloud-init[960]: ci-info: +--------+------+----------------------------+---------------+--------+-------------------+
[   13.331350] cloud-init[960]: ci-info: | enp0s3 | True |         10.0.2.15          | 255.255.255.0 | global | 02:54:ad:ea:60:2e |
[[0;32m  OK  [0m[   13.392626] cloud-init[960]: ci-info: | enp0s3 | True | fe80::54:adff:feea:602e/64 |       .       |  link  | 02:54:ad:ea:60:2e |] Started Initial cloud-init job (metadata service crawler).

[[   13.402260] cloud-init[960]: ci-info: |   lo   | True |         127.0.0.1          |   255.0.0.0   |  host  |         .         |
[   13.403375] cloud-init[960]: ci-info: |   lo   | True |          ::1/128           |       .       |  host  |         .         |
[   13.405059] cloud-init[960]: ci-info: +--------+------+----------------------------+---------------+--------+-------------------+
[   13.405420] cloud-init[960]: ci-info: +++++++++++++++++++++++++++Route IPv4 info++++++++++++++++++++++++++++
[   13.405883] cloud-init[960]: ci-info: +-------+-------------+----------+---------------+-----------+-------+
[   13.406308] cloud-init[960]: ci-info: | Route | Destination | Gateway  |    Genmask    | Interface | Flags |
[0;32m  OK  [0m] Reached target Network is Online.
[   13.406770] cloud-init[960]: ci-info: +-------+-------------+----------+---------------+-----------+-------+
[   13.541234] cloud-init[960]: ci-info: |   0   |   0.0.0.0   | 10.0.2.2 |    0.0.0.0    |   enp0s3  |   UG  |
[   13.542207] cloud-init[960]: ci-info: |   1   |   10.0.2.0  | 0.0.0.0  | 255.255.255.0 |   enp0s3  |   U   |
[   13.542813] cloud-init[960]: ci-info: +-------+-------------+----------+---------------+-----------+-------+
[   13.543493] cloud-init[960]: ci-info: +++++++++++++++++++Route IPv6 info+++++++++++++++++++
[   13.544263] cloud-init[960]: ci-info: +-------+-------------+---------+-----------+-------+
         Starting iSCSI initiator daemon (iscsid)...
[[0;32m  OK  [0m[   13.544864] cloud-init[960]: ci-info: | Route | Destination | Gateway | Interface | Flags |
[   13.685302] cloud-init[960]: ci-info: +-------+-------------+---------+-----------+-------+
] Reached target System Initialization.
[   13.686318] cloud-init[960]: ci-info: |   0   |  fe80::/64  |    ::   |   enp0s3  |   U   |
[   13.747057] cloud-init[960]: ci-info: |   3   |   ff00::/8  |    ::   |   enp0s3  |   U   |
[   13.747285] cloud-init[960]: ci-info: +-------+-------------+---------+-----------+-------+
[[0;32m  OK  [0m] Listening on UUID daemon activation socket.
[[0;32m  OK  [0m] Listening on D-Bus System Message Bus Socket.
[[0;32m  OK  [0m] Started Daily apt download activities.
[[0;32m  OK  [0m] Started Daily apt upgrade and clean activities.
[[0;32m  OK  [0m] Started Daily Cleanup of Temporary Directories.
[[0;32m  OK  [0m] Listening on ACPID Listen Socket.
[[0;32m  OK  [0m] Reached target Timers.
[[0;32m  OK  [0m] Started ACPI Events Check.
[[0;32m  OK  [0m] Reached target Paths.
         Starting Docker Socket for the API.
         Starting LXD - unix socket.
         Starting Socket activation for snappy daemon.
[[0;32m  OK  [0m] Reached target Cloud-config availability.
[[0;32m  OK  [0m] Listening on Docker Socket for the API.
[[0;32m  OK  [0m] Listening on LXD - unix socket.
[[0;32m  OK  [0m] Listening on Socket activation for snappy daemon.
[[0;32m  OK  [0m] Started iSCSI initiator daemon (iscsid).
         Starting Login to default iSCSI targets...
[[0;32m  OK  [0m] Reached target Sockets.
[[0;32m  OK  [0m] Reached target Basic System.
         Starting A high performance web server and a reverse proxy server...
         Starting Login Service...
         Starting System Logging Service...
[[0;32m  OK  [0m] Started ACPI event daemon.
         Starting Snappy daemon...
         Starting /etc/rc.local Compatibility...
[[0;32m  OK  [0m] Started FUSE filesystem for LXC.
         Starting LSB: MD monitoring daemon...
         Starting LSB: Record successful boot for GRUB...
[[0;32m  OK  [0m] Started Regular background program processing daemon.
         Starting LXD - container startup/shutdown...
[[0;32m  OK  [0m] Started D-Bus System Message Bus.
         Starting OpenBSD Secure Shell server...
         Starting Accounts Service...
[[0;32m  OK  [0m] Started Unattended Upgrades Shutdown.
         Starting Virtualbox guest utils...
[[0;32m  OK  [0m] Started Deferred execution scheduler.
         Starting Docker Application Container Engine...
[[0;32m  OK  [0m] Started System Logging Service.
[[0;32m  OK  [0m] Started OpenBSD Secure Shell server.
[[0;32m  OK  [0m] Started /etc/rc.local Compatibility.
[[0;32m  OK  [0m] Started LXD - container startup/shutdown.
[[0;32m  OK  [0m] Started A high performance web server and a reverse proxy server.
[[0;32m  OK  [0m] Started Snappy daemon.
[[0;32m  OK  [0m] Started Login to default iSCSI targets.
[[0;32m  OK  [0m] Started LSB: MD monitoring daemon.
[[0;32m  OK  [0m] Started LSB: Record successful boot for GRUB.
[[0;32m  OK  [0m] Started Login Service.
         Starting Authenticate and Authorize Users to Run Privileged Tasks...
[[0;32m  OK  [0m] Reached target Remote File Systems (Pre).
[[0;32m  OK  [0m] Reached target Remote File Systems.
         Starting LSB: daemon to balance interrupts for SMP systems...
         Starting Permit User Sessions...
         Starting LSB: Start Jenkins at boot time...
         Starting LSB: Set the CPU Frequency Scaling governor to "ondemand"...
         Starting LSB: automatic crash report generation...
         Starting Wait until snapd is fully seeded...
[[0;32m  OK  [0m] Started Virtualbox guest utils.
[[0;32m  OK  [0m] Started Permit User Sessions.
[[0;32m  OK  [0m] Started Wait until snapd is fully seeded.
[[0;32m  OK  [0m] Started Authenticate and Authorize Users to Run Privileged Tasks.
[[0;32m  OK  [0m] Started Accounts Service.
         Starting Apply the settings specified in cloud-config...
         Starting Terminate Plymouth Boot Screen...
         Starting Hold until boot process finishes up...
[[0;32m  OK  [0m] Started LSB: daemon to balance interrupts for SMP systems.
[[0;32m  OK  [0m] Started LSB: Set the CPU Frequency Scaling governor to "ondemand".
[[0;32m  OK  [0m] Started LSB: automatic crash report generation.
[[0;32m  OK  [0m] Started Terminate Plymouth Boot Screen.
[[0;32m  OK  [0m] Started Hold until boot process finishes up.
[[0;32m  OK  [0m] Started Serial Getty on ttyS0.
         Starting Set console scheme...
[[0;32m  OK  [0m] Started Getty on tty1.
[[0;32m  OK  [0m] Reached target Login Prompts.
[[0;32m  OK  [0m] Started Set console scheme.
[[0;32m  OK  [0m] Created slice User Slice of jenkins.
         Starting User Manager for UID 112...
[[0;32m  OK  [0m] Started Session c1 of user jenkins.
[[0;32m  OK  [0m] Started User Manager for UID 112.
[   16.213165] cloud-init[1194]: Cloud-init v. 18.3-9-g2e62cb8a-0ubuntu1~16.04.2 running 'modules:config' at Wed, 15 Aug 2018 16:15:22 +0000. Up 15.94 seconds.
[[0;32m  OK  [0m] Created slice User Slice of vagrant.
         Starting User Manager for UID 1000...
[[0;32m  OK  [0m] Started Session 1 of user vagrant.
[[0;32m  OK  [0m] Started Apply the settings specified in cloud-config.
[[0;32m  OK  [0m] Started User Manager for UID 1000.
[[0;32m  OK  [0m] Started Docker Application Container Engine.
[[0;32m  OK  [0m] Started LSB: Start Jenkins at boot time.
[[0;32m  OK  [0m] Reached target Multi-User System.
         Starting Execute cloud user/final scripts...
[[0;32m  OK  [0m] Reached target Graphical Interface.
         Starting Update UTMP about System Runlevel Changes...
[[0;32m  OK  [0m] Started Update UTMP about System Runlevel Changes.
[   18.399165] cloud-init[1543]: Cloud-init v. 18.3-9-g2e62cb8a-0ubuntu1~16.04.2 running 'modules:final' at Wed, 15 Aug 2018 16:15:24 +0000. Up 17.99 seconds.
[   18.480954] cloud-init[1543]: Cloud-init v. 18.3-9-g2e62cb8a-0ubuntu1~16.04.2 finished at Wed, 15 Aug 2018 16:15:25 +0000. Datasource DataSourceNoCloud [seed=/dev/sdb][dsmode=net].  Up 18.37 seconds
[[0;32m  OK  [0m] Started Execute cloud user/final scripts.
[[0;32m  OK  [0m] Reached target Cloud-init target.

Ubuntu 16.04.5 LTS ubuntu-xenial ttyS0

ubuntu-xenial login: [[0;32m  OK  [         Stopping D-Bus System Message Bus...
         Stopping Regular background program processing daemon...
         Stopping LSB: automatic crash report generation...
         Stopping Deferred execution scheduler...
         Stopping LXD - container startup/shutdown...
         Stopping Docker Application Container Engine...
         Stopping FUSE filesystem for LXC...
[[0;32m  OK  [0m] Stopped Wait until snapd is fully seeded.
         Stopping Snappy daemon...
         Stopping OpenBSD Secure Shell server...
         Stopping LSB: Record successful boot for GRUB...
         Stopping Virtualbox guest utils...
         Stopping A high performance web server and a reverse proxy server...
         Stopping Unattended Upgrades Shutdown...
         Stopping LSB: Start Jenkins at boot time...
         Stopping Accounts Service...
         Stopping LSB: Set the CPU Frequency Scaling governor to "ondemand"...
         Stopping LSB: daemon to balance interrupts for SMP systems...
         Stopping System Logging Service...
         Stopping LSB: MD monitoring daemon...
[[0;32m  OK  [0m] Unmounted /var/lib/lxcfs.
[[0;32m  OK  [0m] Stopped System Logging Service.
[[0;32m  OK  [0m] Stopped ACPI event daemon.
[[0;32m  OK  [0m] Stopped Snappy daemon.
[[0;32m  OK  [0m] Stopped Regular background program processing daemon.
[[0;32m  OK  [0m] Stopped OpenBSD Secure Shell server.
[[0;32m  OK  [0m] Stopped Accounts Service.
[[0;32m  OK  [0m] Stopped Deferred execution scheduler.
[[0;32m  OK  [0m] Stopped Authenticate and Authorize Users to Run Privileged Tasks.
[[0;32m  OK  [0m] Stopped Serial Getty on ttyS0.
[[0;32m  OK  [0m] Stopped Getty on tty1.
[[0;32m  OK  [0m] Stopped User Manager for UID 112.
[[0;32m  OK  [0m] Stopped Session c1 of user jenkins.
[[0;32m  OK  [0m] Stopped User Manager for UID 1000.
[[0;32m  OK  [0m] Stopped D-Bus System Message Bus.
[[0;32m  OK  [0m] Stopped Session 8 of user vagrant.
[[0;32m  OK  [0m] Stopped A high performance web server and a reverse proxy server.
[[0;32m  OK  [0m] Stopped FUSE filesystem for LXC.
[[0;32m  OK  [0m] Stopped LXD - container startup/shutdown.
[[0;32m  OK  [0m] Stopped LSB: automatic crash report generation.
[[0;32m  OK  [0m] Stopped Unattended Upgrades Shutdown.
[[0;32m  OK  [0m] Stopped LSB: Record successful boot for GRUB.
[[0;32m  OK  [0m] Stopped LSB: MD monitoring daemon.
[[0;32m  OK  [0m] Stopped Virtualbox guest utils.
[[0;32m  OK  [0m] Stopped LSB: daemon to balance interrupts for SMP systems.
[[0;32m  OK  [0m] Stopped LSB: Set the CPU Frequency Scaling governor to "ondemand".
[[0;32m  OK  [0m] Removed slice User Slice of vagrant.
[[0;32m  OK  [0m] Removed slice User Slice of jenkins.
         Stopping Login Service...
[[0;32m  OK  [0m] Removed slice system-getty.slice.
         Stopping Permit User Sessions...
[[0;32m  OK  [0m] Removed slice system-serial\x2dgetty.slice.
[[0;32m  OK  [0m] Stopped /etc/rc.local Compatibility.
[[0;32m  OK  [0m] Stopped LSB: Start Jenkins at boot time.
[[0;32m  OK  [0m] Stopped Permit User Sessions.
[[0;32m  OK  [0m] Stopped target Remote File Systems.
[[0;32m  OK  [0m] Stopped target Remote File Systems (Pre).
         Stopping Login to default iSCSI targets...
[[0;32m  OK  [0m] Stopped Login Service.
[[0;32m  OK  [0m] Stopped target User and Group Name Lookups.
[[0;32m  OK  [0m] Stopped Login to default iSCSI targets.
         Stopping iSCSI initiator daemon (iscsid)...
[[0;32m  OK  [0m] Stopped iSCSI initiator daemon (iscsid).
[[0;32m  OK  [0m] Stopped Docker Application Container Engine.
[[0;32m  OK  [0m] Stopped target Basic System.
[[0;32m  OK  [0m] Stopped target Slices.
[[0;32m  OK  [0m] Removed slice User and Session Slice.
[[0;32m  OK  [0m] Stopped target Sockets.
[[0;32m  OK  [0m] Closed Syslog Socket.
[[0;32m  OK  [0m] Closed ACPID Listen Socket.
[[0;32m  OK  [0m] Closed Socket activation for snappy daemon.
[[0;32m  OK  [0m] Closed D-Bus System Message Bus Socket.
[[0;32m  OK  [0m] Closed UUID daemon activation socket.
[[0;32m  OK  [0m] Closed LXD - unix socket.
[[0;32m  OK  [0m] Stopped target Paths.
[[0;32m  OK  [0m] Stopped ACPI Events Check.
[[0;32m  OK  [0m] Stopped Dispatch Password Requests to Console Directory Watch.
[[0;32m  OK  [0m] Stopped Forward Password Requests to Wall Directory Watch.
[[0;32m  OK  [0m] Stopped target Network is Online.
[[0;32m  OK  [0m] Stopped target Network.
[[0;32m  OK  [0m] Closed Docker Socket for the API.
[[0;32m  OK  [0m] Stopped target System Initialization.
         Stopping Load/Save Random Seed...
         Stopping Update UTMP about System Boot/Shutdown...
[[0;32m  OK  [0m] Stopped Initial cloud-init job (metadata service crawler).
         Stopping Raise network interfaces...
[[0;32m  OK  [0m] Stopped target Swap.
[[0;32m  OK  [0m] Stopped target Encrypted Volumes.
[[0;32m  OK  [0m] Stopped Load/Save Random Seed.
[[0;32m  OK  [0m] Stopped Update UTMP about System Boot/Shutdown.
[[0;32m  OK  [0m] Stopped Create Volatile Files and Directories.
[[0;32m  OK  [0m] Stopped Raise network interfaces.
[[0;32m  OK  [0m] Stopped Apply Kernel Variables.
[[0;32m  OK  [0m] Stopped target Network (Pre).
[[0;32m  OK  [0m] Stopped Initial cloud-init job (pre-networking).
[[0;32m  OK  [0m] Stopped Load Kernel Modules.
[[0;32m  OK  [0m] Stopped target Local File Systems.
         Unmounting /run/user/112...
         Unmounting /vagrant...
         Unmounting /run/user/1000...
[[0;32m  OK  [0m] Unmounted /run/user/112.
[[0;32m  OK  [0m] Unmounted /vagrant.
[[0;32m  OK  [0m] Unmounted /run/user/1000.
[[0;32m  OK  [0m] Reached target Unmount All Filesystems.
[[0;32m  OK  [0m] Stopped target Local File Systems (Pre).
[[0;32m  OK  [0m] Stopped Remount Root and Kernel File Systems.
         Stopping Monitoring of LVM2 mirrors... dmeventd or progress polling...
[[0;32m  OK  [0m] Stopped Create Static Device Nodes in /dev.
[[0;32m  OK  [0m] Reached target Shutdown.
[11958.229007] reboot: Power down
